// Jest Snapshot v1, https://goo.gl/fbAQLP

exports[`Display component renders correctly 1`] = `<div />`;
